== border_detect Step1 边框探测：206 页
[1/1236] 0% border_detect p1: 新鲜，跳过
[2/1236] 0% border_detect p2: 新鲜，跳过
[3/1236] 0% border_detect p3: 新鲜，跳过
[4/1236] 0% border_detect p4: 完成 0.97s
[5/1236] 0% border_detect p5: 完成 0.86s
[6/1236] 0% border_detect p6: 完成 0.82s
[7/1236] 0% border_detect p7: 完成 0.90s
[8/1236] 0% border_detect p8: 完成 0.82s
[9/1236] 0% border_detect p9: 完成 0.84s
[10/1236] 0% border_detect p10: 完成 0.90s
[11/1236] 0% border_detect p11: 完成 0.93s
[12/1236] 0% border_detect p12: 完成 0.95s
[13/1236] 1% border_detect p13: 完成 0.83s
[14/1236] 1% border_detect p14: 完成 0.84s
[15/1236] 1% border_detect p15: 完成 0.96s
[16/1236] 1% border_detect p16: 完成 0.87s
[17/1236] 1% border_detect p17: 完成 0.81s
[18/1236] 1% border_detect p18: 完成 0.91s
[19/1236] 1% border_detect p19: 完成 0.83s
[20/1236] 1% border_detect p20: 完成 0.88s
[21/1236] 1% border_detect p21: 完成 0.95s
[22/1236] 1% border_detect p22: 完成 0.82s
[23/1236] 1% border_detect p23: 完成 0.97s
[24/1236] 1% border_detect p24: 完成 0.84s
[25/1236] 2% border_detect p25: 完成 0.95s
[26/1236] 2% border_detect p26: 完成 0.81s
[27/1236] 2% border_detect p27: 完成 0.93s
[28/1236] 2% border_detect p28: 完成 0.96s
[29/1236] 2% border_detect p29: 完成 0.83s
[30/1236] 2% border_detect p30: 完成 0.84s
[31/1236] 2% border_detect p31: 完成 0.99s
[32/1236] 2% border_detect p32: 完成 0.77s
[33/1236] 2% border_detect p33: 完成 0.79s
[34/1236] 2% border_detect p34: 完成 0.84s
[35/1236] 2% border_detect p35: 完成 0.83s
[36/1236] 2% border_detect p36: 完成 0.80s
[37/1236] 2% border_detect p37: 完成 0.77s
[38/1236] 3% border_detect p38: 完成 0.82s
[39/1236] 3% border_detect p39: 完成 0.90s
[40/1236] 3% border_detect p40: 完成 0.94s
[41/1236] 3% border_detect p41: 完成 0.75s
[42/1236] 3% border_detect p42: 完成 0.83s
[43/1236] 3% border_detect p43: 完成 0.80s
[44/1236] 3% border_detect p44: 完成 0.82s
[45/1236] 3% border_detect p45: 完成 0.89s
[46/1236] 3% border_detect p46: 完成 0.79s
[47/1236] 3% border_detect p47: 完成 0.89s
[48/1236] 3% border_detect p48: 完成 0.87s
[49/1236] 3% border_detect p49: 完成 0.86s
[50/1236] 4% border_detect p50: 完成 0.94s
[51/1236] 4% border_detect p51: 完成 0.72s
[52/1236] 4% border_detect p52: 完成 0.76s
[53/1236] 4% border_detect p53: 完成 0.97s
[54/1236] 4% border_detect p54: 完成 0.82s
[55/1236] 4% border_detect p55: 完成 0.79s
[56/1236] 4% border_detect p56: 完成 0.89s
[57/1236] 4% border_detect p57: 完成 0.80s
[58/1236] 4% border_detect p58: 完成 0.83s
[59/1236] 4% border_detect p59: 完成 0.83s
[60/1236] 4% border_detect p60: 完成 0.79s
[61/1236] 4% border_detect p61: 完成 1.31s
[62/1236] 5% border_detect p62: 完成 1.16s
[63/1236] 5% border_detect p63: 完成 0.98s
[64/1236] 5% border_detect p64: 完成 0.82s
[65/1236] 5% border_detect p65: 完成 0.76s
[66/1236] 5% border_detect p66: 完成 0.84s
[67/1236] 5% border_detect p67: 完成 0.97s
[68/1236] 5% border_detect p68: 完成 1.01s
[69/1236] 5% border_detect p69: 完成 0.87s
[70/1236] 5% border_detect p70: 完成 0.98s
[71/1236] 5% border_detect p71: 完成 0.80s
[72/1236] 5% border_detect p72: 完成 0.84s
[73/1236] 5% border_detect p73: 完成 0.76s
[74/1236] 5% border_detect p74: 完成 0.81s
[75/1236] 6% border_detect p75: 完成 0.80s
[76/1236] 6% border_detect p76: 完成 0.91s
[77/1236] 6% border_detect p77: 完成 0.82s
[78/1236] 6% border_detect p78: 完成 0.79s
[79/1236] 6% border_detect p79: 完成 0.74s
[80/1236] 6% border_detect p80: 完成 0.81s
[81/1236] 6% border_detect p81: 完成 0.79s
[82/1236] 6% border_detect p82: 完成 0.83s
[83/1236] 6% border_detect p83: 完成 0.77s
[84/1236] 6% border_detect p84: 完成 0.93s
[85/1236] 6% border_detect p85: 完成 0.80s
[86/1236] 6% border_detect p86: 完成 0.79s
[87/1236] 7% border_detect p87: 完成 0.77s
[88/1236] 7% border_detect p88: 完成 0.80s
[89/1236] 7% border_detect p89: 完成 0.74s
[90/1236] 7% border_detect p90: 完成 0.73s
[91/1236] 7% border_detect p91: 完成 0.72s
[92/1236] 7% border_detect p92: 完成 0.79s
[93/1236] 7% border_detect p93: 完成 0.75s
[94/1236] 7% border_detect p94: 完成 0.76s
[95/1236] 7% border_detect p95: 完成 0.75s
[96/1236] 7% border_detect p96: 完成 0.77s
[97/1236] 7% border_detect p97: 完成 0.73s
[98/1236] 7% border_detect p98: 完成 0.77s
[99/1236] 8% border_detect p99: 完成 0.73s
[100/1236] 8% border_detect p100: 完成 0.75s
[101/1236] 8% border_detect p101: 完成 0.79s
[102/1236] 8% border_detect p102: 完成 0.74s
[103/1236] 8% border_detect p103: 完成 0.84s
[104/1236] 8% border_detect p104: 完成 0.90s
[105/1236] 8% border_detect p105: 完成 0.73s
[106/1236] 8% border_detect p106: 完成 0.79s
[107/1236] 8% border_detect p107: 完成 0.70s
[108/1236] 8% border_detect p108: 完成 0.82s
[109/1236] 8% border_detect p109: 完成 0.78s
[110/1236] 8% border_detect p110: 完成 0.77s
[111/1236] 8% border_detect p111: 完成 0.93s
[112/1236] 9% border_detect p112: 完成 0.84s
[113/1236] 9% border_detect p113: 完成 0.83s
[114/1236] 9% border_detect p114: 完成 0.93s
[115/1236] 9% border_detect p115: 完成 0.89s
[116/1236] 9% border_detect p116: 完成 0.78s
[117/1236] 9% border_detect p117: 完成 0.86s
[118/1236] 9% border_detect p118: 完成 0.81s
[119/1236] 9% border_detect p119: 完成 1.03s
[120/1236] 9% border_detect p120: 完成 0.99s
[121/1236] 9% border_detect p121: 完成 0.84s
[122/1236] 9% border_detect p122: 完成 0.92s
[123/1236] 9% border_detect p123: 完成 0.78s
[124/1236] 10% border_detect p124: 完成 0.84s
[125/1236] 10% border_detect p125: 完成 0.80s
[126/1236] 10% border_detect p126: 完成 0.88s
[127/1236] 10% border_detect p127: 完成 0.89s
[128/1236] 10% border_detect p128: 完成 0.84s
[129/1236] 10% border_detect p129: 完成 0.92s
[130/1236] 10% border_detect p130: 完成 1.03s
[131/1236] 10% border_detect p131: 完成 0.77s
[132/1236] 10% border_detect p132: 完成 0.90s
[133/1236] 10% border_detect p133: 完成 0.94s
[134/1236] 10% border_detect p134: 完成 1.06s
[135/1236] 10% border_detect p135: 完成 0.85s
[136/1236] 11% border_detect p136: 完成 0.86s
[137/1236] 11% border_detect p137: 完成 0.95s
[138/1236] 11% border_detect p138: 完成 1.05s
[139/1236] 11% border_detect p139: 完成 0.98s
[140/1236] 11% border_detect p140: 完成 1.02s
[141/1236] 11% border_detect p141: 完成 0.91s
[142/1236] 11% border_detect p142: 完成 0.85s
[143/1236] 11% border_detect p143: 完成 0.99s
[144/1236] 11% border_detect p144: 完成 0.80s
[145/1236] 11% border_detect p145: 完成 0.88s
[146/1236] 11% border_detect p146: 完成 0.91s
[147/1236] 11% border_detect p147: 完成 0.85s
[148/1236] 11% border_detect p148: 完成 0.82s
[149/1236] 12% border_detect p149: 完成 0.95s
[150/1236] 12% border_detect p150: 完成 0.85s
[151/1236] 12% border_detect p151: 完成 0.96s
[152/1236] 12% border_detect p152: 完成 0.96s
[153/1236] 12% border_detect p153: 完成 0.88s
[154/1236] 12% border_detect p154: 完成 0.80s
[155/1236] 12% border_detect p155: 完成 0.82s
[156/1236] 12% border_detect p156: 完成 0.83s
[157/1236] 12% border_detect p157: 完成 1.09s
[158/1236] 12% border_detect p158: 完成 0.90s
[159/1236] 12% border_detect p159: 完成 0.93s
[160/1236] 12% border_detect p160: 完成 1.02s
[161/1236] 13% border_detect p161: 完成 0.82s
[162/1236] 13% border_detect p162: 完成 0.86s
[163/1236] 13% border_detect p163: 完成 0.99s
[164/1236] 13% border_detect p164: 完成 0.90s
[165/1236] 13% border_detect p165: 完成 0.89s
[166/1236] 13% border_detect p166: 完成 0.94s
[167/1236] 13% border_detect p167: 完成 1.04s
[168/1236] 13% border_detect p168: 完成 0.84s
[169/1236] 13% border_detect p169: 完成 0.84s
[170/1236] 13% border_detect p170: 完成 1.04s
[171/1236] 13% border_detect p171: 完成 1.01s
[172/1236] 13% border_detect p172: 完成 0.89s
[173/1236] 13% border_detect p173: 完成 0.88s
[174/1236] 14% border_detect p174: 完成 0.87s
[175/1236] 14% border_detect p175: 完成 0.92s
[176/1236] 14% border_detect p176: 完成 1.10s
[177/1236] 14% border_detect p177: 完成 0.79s
[178/1236] 14% border_detect p178: 完成 0.91s
[179/1236] 14% border_detect p179: 完成 0.77s
[180/1236] 14% border_detect p180: 完成 0.79s
[181/1236] 14% border_detect p181: 完成 1.01s
[182/1236] 14% border_detect p182: 完成 0.89s
[183/1236] 14% border_detect p183: 完成 1.00s
[184/1236] 14% border_detect p184: 完成 0.91s
[185/1236] 14% border_detect p185: 完成 0.85s
[186/1236] 15% border_detect p186: 完成 0.82s
[187/1236] 15% border_detect p187: 完成 0.93s
[188/1236] 15% border_detect p188: 完成 0.85s
[189/1236] 15% border_detect p189: 完成 0.93s
[190/1236] 15% border_detect p190: 完成 0.89s
[191/1236] 15% border_detect p191: 完成 0.99s
[192/1236] 15% border_detect p192: 完成 0.84s
[193/1236] 15% border_detect p193: 完成 0.80s
[194/1236] 15% border_detect p194: 完成 0.84s
[195/1236] 15% border_detect p195: 完成 0.74s
[196/1236] 15% border_detect p196: 完成 0.83s
[197/1236] 15% border_detect p197: 完成 0.90s
[198/1236] 16% border_detect p198: 完成 0.92s
[199/1236] 16% border_detect p199: 完成 1.00s
[200/1236] 16% border_detect p200: 完成 0.99s
[201/1236] 16% border_detect p201: 完成 0.86s
[202/1236] 16% border_detect p202: 完成 0.87s
[203/1236] 16% border_detect p203: 完成 0.86s
[204/1236] 16% border_detect p204: 完成 0.98s
[205/1236] 16% border_detect p205: 完成 1.07s
[206/1236] 16% border_detect p206: 完成 1.25s
== border_detect_gate Step1→2 交接闸：206 页
[207/1236] 16% border_detect_gate p1: 新鲜，跳过
[208/1236] 16% border_detect_gate p2: 新鲜，跳过
[209/1236] 16% border_detect_gate p3: 新鲜，跳过
[210/1236] 16% border_detect_gate p4: 完成 0.11s
[211/1236] 17% border_detect_gate p5: 完成 0.11s
[212/1236] 17% border_detect_gate p6: 完成 0.11s
[213/1236] 17% border_detect_gate p7: 完成 0.11s
[214/1236] 17% border_detect_gate p8: 完成 0.12s
[215/1236] 17% border_detect_gate p9: 完成 0.11s
[216/1236] 17% border_detect_gate p10: 完成 0.11s
[217/1236] 17% border_detect_gate p11: 完成 0.11s
[218/1236] 17% border_detect_gate p12: 完成 0.12s
[219/1236] 17% border_detect_gate p13: 完成 0.11s
[220/1236] 17% border_detect_gate p14: 完成 0.12s
[221/1236] 17% border_detect_gate p15: 完成 0.11s
[222/1236] 17% border_detect_gate p16: 完成 0.11s
[223/1236] 18% border_detect_gate p17: 完成 0.10s
[224/1236] 18% border_detect_gate p18: 完成 0.11s
[225/1236] 18% border_detect_gate p19: 完成 0.10s
[226/1236] 18% border_detect_gate p20: 完成 0.11s
[227/1236] 18% border_detect_gate p21: 完成 0.10s
[228/1236] 18% border_detect_gate p22: 完成 0.11s
[229/1236] 18% border_detect_gate p23: 完成 0.10s
[230/1236] 18% border_detect_gate p24: 新鲜，跳过
[231/1236] 18% border_detect_gate p25: 完成 0.10s
[232/1236] 18% border_detect_gate p26: 完成 0.11s
[233/1236] 18% border_detect_gate p27: 完成 0.10s
[234/1236] 18% border_detect_gate p28: 完成 0.12s
[235/1236] 19% border_detect_gate p29: 完成 0.10s
[236/1236] 19% border_detect_gate p30: 完成 0.12s
[237/1236] 19% border_detect_gate p31: 完成 0.11s
[238/1236] 19% border_detect_gate p32: 完成 0.12s
[239/1236] 19% border_detect_gate p33: 完成 0.11s
[240/1236] 19% border_detect_gate p34: 完成 0.11s
[241/1236] 19% border_detect_gate p35: 完成 0.11s
[242/1236] 19% border_detect_gate p36: 完成 0.11s
[243/1236] 19% border_detect_gate p37: 完成 0.11s
[244/1236] 19% border_detect_gate p38: 完成 0.12s
[245/1236] 19% border_detect_gate p39: 完成 0.10s
[246/1236] 19% border_detect_gate p40: 完成 0.11s
[247/1236] 19% border_detect_gate p41: 完成 0.11s
[248/1236] 20% border_detect_gate p42: 完成 0.11s
[249/1236] 20% border_detect_gate p43: 完成 0.10s
[250/1236] 20% border_detect_gate p44: 完成 0.10s
[251/1236] 20% border_detect_gate p45: 完成 0.11s
[252/1236] 20% border_detect_gate p46: 完成 0.11s
[253/1236] 20% border_detect_gate p47: 完成 0.11s
[254/1236] 20% border_detect_gate p48: 完成 0.13s
[255/1236] 20% border_detect_gate p49: 完成 0.11s
[256/1236] 20% border_detect_gate p50: 完成 0.12s
[257/1236] 20% border_detect_gate p51: 完成 0.11s
[258/1236] 20% border_detect_gate p52: 完成 0.11s
[259/1236] 20% border_detect_gate p53: 完成 0.11s
[260/1236] 21% border_detect_gate p54: 完成 0.11s
[261/1236] 21% border_detect_gate p55: 完成 0.10s
[262/1236] 21% border_detect_gate p56: 完成 0.11s
[263/1236] 21% border_detect_gate p57: 完成 0.10s
[264/1236] 21% border_detect_gate p58: 完成 0.11s
[265/1236] 21% border_detect_gate p59: 完成 0.11s
[266/1236] 21% border_detect_gate p60: 完成 0.11s
[267/1236] 21% border_detect_gate p61: 完成 0.11s
[268/1236] 21% border_detect_gate p62: 完成 0.11s
[269/1236] 21% border_detect_gate p63: 完成 0.11s
[270/1236] 21% border_detect_gate p64: 完成 0.11s
[271/1236] 21% border_detect_gate p65: 完成 0.11s
[272/1236] 22% border_detect_gate p66: 完成 0.13s
[273/1236] 22% border_detect_gate p67: 完成 0.11s
[274/1236] 22% border_detect_gate p68: 完成 0.11s
[275/1236] 22% border_detect_gate p69: 完成 0.11s
[276/1236] 22% border_detect_gate p70: 完成 0.11s
[277/1236] 22% border_detect_gate p71: 完成 0.11s
[278/1236] 22% border_detect_gate p72: 完成 0.11s
[279/1236] 22% border_detect_gate p73: 完成 0.10s
[280/1236] 22% border_detect_gate p74: 完成 0.10s
[281/1236] 22% border_detect_gate p75: 完成 0.11s
[282/1236] 22% border_detect_gate p76: 完成 0.11s
[283/1236] 22% border_detect_gate p77: 完成 0.11s
[284/1236] 22% border_detect_gate p78: 完成 0.10s
[285/1236] 23% border_detect_gate p79: 完成 0.10s
[286/1236] 23% border_detect_gate p80: 完成 0.11s
[287/1236] 23% border_detect_gate p81: 完成 0.10s
[288/1236] 23% border_detect_gate p82: 完成 0.11s
[289/1236] 23% border_detect_gate p83: 完成 0.11s
[290/1236] 23% border_detect_gate p84: 完成 0.10s
[291/1236] 23% border_detect_gate p85: 完成 0.10s
[292/1236] 23% border_detect_gate p86: 完成 0.11s
[293/1236] 23% border_detect_gate p87: 完成 0.11s
[294/1236] 23% border_detect_gate p88: 完成 0.11s
[295/1236] 23% border_detect_gate p89: 完成 0.11s
[296/1236] 23% border_detect_gate p90: 完成 0.11s
[297/1236] 24% border_detect_gate p91: 完成 0.10s
[298/1236] 24% border_detect_gate p92: 完成 0.11s
[299/1236] 24% border_detect_gate p93: 完成 0.10s
[300/1236] 24% border_detect_gate p94: 完成 0.11s
[301/1236] 24% border_detect_gate p95: 完成 0.11s
[302/1236] 24% border_detect_gate p96: 完成 0.11s
[303/1236] 24% border_detect_gate p97: 完成 0.10s
[304/1236] 24% border_detect_gate p98: 完成 0.11s
[305/1236] 24% border_detect_gate p99: 完成 0.12s
[306/1236] 24% border_detect_gate p100: 完成 0.10s
[307/1236] 24% border_detect_gate p101: 完成 0.10s
[308/1236] 24% border_detect_gate p102: 完成 0.11s
[309/1236] 25% border_detect_gate p103: 完成 0.12s
[310/1236] 25% border_detect_gate p104: 完成 0.11s
[311/1236] 25% border_detect_gate p105: 完成 0.10s
[312/1236] 25% border_detect_gate p106: 完成 0.11s
[313/1236] 25% border_detect_gate p107: 完成 0.11s
[314/1236] 25% border_detect_gate p108: 完成 0.11s
[315/1236] 25% border_detect_gate p109: 完成 0.11s
[316/1236] 25% border_detect_gate p110: 完成 0.11s
[317/1236] 25% border_detect_gate p111: 完成 0.10s
[318/1236] 25% border_detect_gate p112: 完成 0.10s
[319/1236] 25% border_detect_gate p113: 完成 0.10s
[320/1236] 25% border_detect_gate p114: 完成 0.12s
[321/1236] 25% border_detect_gate p115: 完成 0.10s
[322/1236] 26% border_detect_gate p116: 完成 0.10s
[323/1236] 26% border_detect_gate p117: 完成 0.11s
[324/1236] 26% border_detect_gate p118: 完成 0.11s
[325/1236] 26% border_detect_gate p119: 完成 0.10s
[326/1236] 26% border_detect_gate p120: 完成 0.12s
[327/1236] 26% border_detect_gate p121: 完成 0.11s
[328/1236] 26% border_detect_gate p122: 完成 0.10s
[329/1236] 26% border_detect_gate p123: 完成 0.10s
[330/1236] 26% border_detect_gate p124: 完成 0.10s
[331/1236] 26% border_detect_gate p125: 完成 0.11s
[332/1236] 26% border_detect_gate p126: 完成 0.11s
[333/1236] 26% border_detect_gate p127: 完成 0.10s
[334/1236] 27% border_detect_gate p128: 完成 0.11s
[335/1236] 27% border_detect_gate p129: 完成 0.10s
[336/1236] 27% border_detect_gate p130: 完成 0.10s
[337/1236] 27% border_detect_gate p131: 完成 0.10s
[338/1236] 27% border_detect_gate p132: 完成 0.11s
[339/1236] 27% border_detect_gate p133: 完成 0.11s
[340/1236] 27% border_detect_gate p134: 完成 0.11s
[341/1236] 27% border_detect_gate p135: 完成 0.11s
[342/1236] 27% border_detect_gate p136: 完成 0.11s
[343/1236] 27% border_detect_gate p137: 完成 0.10s
[344/1236] 27% border_detect_gate p138: 完成 0.10s
[345/1236] 27% border_detect_gate p139: 完成 0.11s
[346/1236] 27% border_detect_gate p140: 完成 0.10s
[347/1236] 28% border_detect_gate p141: 完成 0.11s
[348/1236] 28% border_detect_gate p142: 完成 0.12s
[349/1236] 28% border_detect_gate p143: 完成 0.10s
[350/1236] 28% border_detect_gate p144: 完成 0.11s
[351/1236] 28% border_detect_gate p145: 完成 0.11s
[352/1236] 28% border_detect_gate p146: 完成 0.12s
[353/1236] 28% border_detect_gate p147: 完成 0.10s
[354/1236] 28% border_detect_gate p148: 完成 0.11s
[355/1236] 28% border_detect_gate p149: 完成 0.11s
[356/1236] 28% border_detect_gate p150: 完成 0.11s
[357/1236] 28% border_detect_gate p151: 完成 0.11s
[358/1236] 28% border_detect_gate p152: 完成 0.12s
[359/1236] 29% border_detect_gate p153: 完成 0.10s
[360/1236] 29% border_detect_gate p154: 完成 0.11s
[361/1236] 29% border_detect_gate p155: 完成 0.10s
[362/1236] 29% border_detect_gate p156: 完成 0.11s
[363/1236] 29% border_detect_gate p157: 完成 0.10s
[364/1236] 29% border_detect_gate p158: 完成 0.12s
[365/1236] 29% border_detect_gate p159: 完成 0.12s
[366/1236] 29% border_detect_gate p160: 完成 0.11s
[367/1236] 29% border_detect_gate p161: 完成 0.11s
[368/1236] 29% border_detect_gate p162: 完成 0.10s
[369/1236] 29% border_detect_gate p163: 完成 0.10s
[370/1236] 29% border_detect_gate p164: 完成 0.11s
[371/1236] 30% border_detect_gate p165: 完成 0.11s
[372/1236] 30% border_detect_gate p166: 完成 0.11s
[373/1236] 30% border_detect_gate p167: 完成 0.12s
[374/1236] 30% border_detect_gate p168: 完成 0.12s
[375/1236] 30% border_detect_gate p169: 完成 0.11s
[376/1236] 30% border_detect_gate p170: 完成 0.11s
[377/1236] 30% border_detect_gate p171: 完成 0.10s
[378/1236] 30% border_detect_gate p172: 完成 0.10s
[379/1236] 30% border_detect_gate p173: 完成 0.10s
[380/1236] 30% border_detect_gate p174: 完成 0.10s
[381/1236] 30% border_detect_gate p175: 完成 0.10s
[382/1236] 30% border_detect_gate p176: 完成 0.11s
[383/1236] 30% border_detect_gate p177: 完成 0.10s
[384/1236] 31% border_detect_gate p178: 完成 0.11s
[385/1236] 31% border_detect_gate p179: 完成 0.10s
[386/1236] 31% border_detect_gate p180: 完成 0.10s
[387/1236] 31% border_detect_gate p181: 完成 0.11s
[388/1236] 31% border_detect_gate p182: 完成 0.11s
[389/1236] 31% border_detect_gate p183: 完成 0.10s
[390/1236] 31% border_detect_gate p184: 完成 0.11s
[391/1236] 31% border_detect_gate p185: 完成 0.10s
[392/1236] 31% border_detect_gate p186: 完成 0.10s
[393/1236] 31% border_detect_gate p187: 完成 0.10s
[394/1236] 31% border_detect_gate p188: 完成 0.11s
[395/1236] 31% border_detect_gate p189: 完成 0.10s
[396/1236] 32% border_detect_gate p190: 完成 0.11s
[397/1236] 32% border_detect_gate p191: 完成 0.11s
[398/1236] 32% border_detect_gate p192: 完成 0.11s
[399/1236] 32% border_detect_gate p193: 完成 0.10s
[400/1236] 32% border_detect_gate p194: 完成 0.10s
[401/1236] 32% border_detect_gate p195: 完成 0.11s
[402/1236] 32% border_detect_gate p196: 完成 0.11s
[403/1236] 32% border_detect_gate p197: 完成 0.11s
[404/1236] 32% border_detect_gate p198: 完成 0.11s
[405/1236] 32% border_detect_gate p199: 完成 0.10s
[406/1236] 32% border_detect_gate p200: 完成 0.11s
[407/1236] 32% border_detect_gate p201: 完成 0.13s
[408/1236] 33% border_detect_gate p202: 完成 0.12s
[409/1236] 33% border_detect_gate p203: 完成 0.10s
[410/1236] 33% border_detect_gate p204: 完成 0.11s
[411/1236] 33% border_detect_gate p205: 完成 0.10s
[412/1236] 33% border_detect_gate p206: 完成 0.11s
== column_warp Step2 单列射影 + 去噪 + 清理：206 页
[413/1236] 33% column_warp p1: 新鲜，跳过
[414/1236] 33% column_warp p2: 新鲜，跳过
[415/1236] 33% column_warp p3: 新鲜，跳过
[416/1236] 33% column_warp p4: 完成 0.16s
[417/1236] 33% column_warp p5: 完成 0.15s
[418/1236] 33% column_warp p6: 完成 0.14s
[419/1236] 33% column_warp p7: 完成 0.13s
[420/1236] 33% column_warp p8: 完成 0.14s
[421/1236] 34% column_warp p9: 完成 0.12s
[422/1236] 34% column_warp p10: 完成 0.13s
[423/1236] 34% column_warp p11: 完成 0.12s
[424/1236] 34% column_warp p12: 完成 0.12s
[425/1236] 34% column_warp p13: 完成 0.13s
[426/1236] 34% column_warp p14: 完成 0.13s
[427/1236] 34% column_warp p15: 完成 0.13s
[428/1236] 34% column_warp p16: 完成 0.13s
[429/1236] 34% column_warp p17: 完成 0.13s
[430/1236] 34% column_warp p18: 完成 0.14s
[431/1236] 34% column_warp p19: 完成 0.13s
[432/1236] 34% column_warp p20: 完成 0.13s
[433/1236] 35% column_warp p21: 完成 0.13s
[434/1236] 35% column_warp p22: 完成 0.13s
[435/1236] 35% column_warp p23: 完成 0.12s
[436/1236] 35% column_warp p24: 新鲜，跳过
[437/1236] 35% column_warp p25: 完成 0.13s
[438/1236] 35% column_warp p26: 完成 0.12s
[439/1236] 35% column_warp p27: 完成 0.13s
[440/1236] 35% column_warp p28: 完成 0.15s
[441/1236] 35% column_warp p29: 完成 0.13s
[442/1236] 35% column_warp p30: 完成 0.13s
[443/1236] 35% column_warp p31: 完成 0.13s
[444/1236] 35% column_warp p32: 完成 0.13s
[445/1236] 36% column_warp p33: 完成 0.12s
[446/1236] 36% column_warp p34: 完成 0.13s
[447/1236] 36% column_warp p35: 完成 0.14s
[448/1236] 36% column_warp p36: 完成 0.13s
[449/1236] 36% column_warp p37: 完成 0.13s
[450/1236] 36% column_warp p38: 完成 0.13s
[451/1236] 36% column_warp p39: 完成 0.25s
[452/1236] 36% column_warp p40: 完成 0.33s
[453/1236] 36% column_warp p41: 完成 0.35s
[454/1236] 36% column_warp p42: 完成 0.20s
[455/1236] 36% column_warp p43: 完成 0.35s
[456/1236] 36% column_warp p44: 完成 0.14s
[457/1236] 36% column_warp p45: 完成 0.15s
[458/1236] 37% column_warp p46: 完成 0.14s
[459/1236] 37% column_warp p47: 完成 0.13s
[460/1236] 37% column_warp p48: 完成 0.15s
[461/1236] 37% column_warp p49: 完成 0.15s
[462/1236] 37% column_warp p50: 完成 0.15s
[463/1236] 37% column_warp p51: 完成 0.15s
[464/1236] 37% column_warp p52: 完成 0.14s
[465/1236] 37% column_warp p53: 完成 0.14s
[466/1236] 37% column_warp p54: 完成 0.15s
[467/1236] 37% column_warp p55: 完成 0.13s
[468/1236] 37% column_warp p56: 完成 0.13s
[469/1236] 37% column_warp p57: 完成 0.13s
[470/1236] 38% column_warp p58: 完成 0.13s
[471/1236] 38% column_warp p59: 完成 0.14s
[472/1236] 38% column_warp p60: 完成 0.14s
[473/1236] 38% column_warp p61: 完成 0.13s
[474/1236] 38% column_warp p62: 完成 0.13s
[475/1236] 38% column_warp p63: 完成 0.13s
[476/1236] 38% column_warp p64: 完成 0.16s
[477/1236] 38% column_warp p65: 完成 0.16s
[478/1236] 38% column_warp p66: 完成 0.14s
[479/1236] 38% column_warp p67: 完成 0.13s
[480/1236] 38% column_warp p68: 完成 0.13s
[481/1236] 38% column_warp p69: 完成 0.15s
[482/1236] 38% column_warp p70: 完成 0.13s
[483/1236] 39% column_warp p71: 完成 0.14s
[484/1236] 39% column_warp p72: 完成 0.14s
[485/1236] 39% column_warp p73: 完成 0.24s
[486/1236] 39% column_warp p74: 完成 0.47s
[487/1236] 39% column_warp p75: 完成 0.38s
[488/1236] 39% column_warp p76: 完成 0.42s
[489/1236] 39% column_warp p77: 完成 0.23s
[490/1236] 39% column_warp p78: 完成 0.13s
[491/1236] 39% column_warp p79: 完成 0.13s
[492/1236] 39% column_warp p80: 完成 0.13s
[493/1236] 39% column_warp p81: 完成 0.12s
[494/1236] 39% column_warp p82: 完成 0.12s
[495/1236] 40% column_warp p83: 完成 0.12s
[496/1236] 40% column_warp p84: 完成 0.14s
[497/1236] 40% column_warp p85: 完成 0.13s
[498/1236] 40% column_warp p86: 完成 0.13s
[499/1236] 40% column_warp p87: 完成 0.12s
[500/1236] 40% column_warp p88: 完成 0.13s
[501/1236] 40% column_warp p89: 完成 0.13s
[502/1236] 40% column_warp p90: 完成 0.14s
[503/1236] 40% column_warp p91: 完成 0.14s
[504/1236] 40% column_warp p92: 完成 0.13s
[505/1236] 40% column_warp p93: 完成 0.12s
[506/1236] 40% column_warp p94: 完成 0.13s
[507/1236] 41% column_warp p95: 完成 0.14s
[508/1236] 41% column_warp p96: 完成 0.14s
[509/1236] 41% column_warp p97: 完成 0.13s
[510/1236] 41% column_warp p98: 完成 0.13s
[511/1236] 41% column_warp p99: 完成 0.12s
[512/1236] 41% column_warp p100: 完成 0.13s
[513/1236] 41% column_warp p101: 完成 0.12s
[514/1236] 41% column_warp p102: 完成 0.12s
[515/1236] 41% column_warp p103: 完成 0.12s
[516/1236] 41% column_warp p104: 完成 0.41s
[517/1236] 41% column_warp p105: 完成 0.35s
[518/1236] 41% column_warp p106: 完成 0.35s
[519/1236] 41% column_warp p107: 完成 0.20s
[520/1236] 42% column_warp p108: 完成 0.12s
[521/1236] 42% column_warp p109: 完成 0.12s
[522/1236] 42% column_warp p110: 完成 0.13s
[523/1236] 42% column_warp p111: 完成 0.12s
[524/1236] 42% column_warp p112: 完成 0.13s
[525/1236] 42% column_warp p113: 完成 0.13s
[526/1236] 42% column_warp p114: 完成 0.12s
[527/1236] 42% column_warp p115: 完成 0.12s
[528/1236] 42% column_warp p116: 完成 0.12s
[529/1236] 42% column_warp p117: 完成 0.12s
[530/1236] 42% column_warp p118: 完成 0.12s
[531/1236] 42% column_warp p119: 完成 0.12s
[532/1236] 43% column_warp p120: 完成 0.13s
[533/1236] 43% column_warp p121: 完成 0.12s
[534/1236] 43% column_warp p122: 完成 0.12s
[535/1236] 43% column_warp p123: 完成 0.13s
[536/1236] 43% column_warp p124: 完成 0.13s
[537/1236] 43% column_warp p125: 完成 0.12s
[538/1236] 43% column_warp p126: 完成 0.12s
[539/1236] 43% column_warp p127: 完成 0.12s
[540/1236] 43% column_warp p128: 完成 0.13s
[541/1236] 43% column_warp p129: 完成 0.12s
[542/1236] 43% column_warp p130: 完成 0.12s
[543/1236] 43% column_warp p131: 完成 0.12s
[544/1236] 44% column_warp p132: 完成 0.12s
[545/1236] 44% column_warp p133: 完成 0.13s
[546/1236] 44% column_warp p134: 完成 0.13s
[547/1236] 44% column_warp p135: 完成 0.13s
[548/1236] 44% column_warp p136: 完成 0.13s
[549/1236] 44% column_warp p137: 完成 0.14s
[550/1236] 44% column_warp p138: 完成 0.14s
[551/1236] 44% column_warp p139: 完成 0.14s
[552/1236] 44% column_warp p140: 完成 0.13s
[553/1236] 44% column_warp p141: 完成 0.14s
[554/1236] 44% column_warp p142: 完成 0.33s
[555/1236] 44% column_warp p143: 完成 0.34s
[556/1236] 44% column_warp p144: 完成 0.28s
[557/1236] 45% column_warp p145: 完成 0.34s
[558/1236] 45% column_warp p146: 完成 0.24s
[559/1236] 45% column_warp p147: 完成 0.13s
[560/1236] 45% column_warp p148: 完成 0.14s
[561/1236] 45% column_warp p149: 完成 0.13s
[562/1236] 45% column_warp p150: 完成 0.14s
[563/1236] 45% column_warp p151: 完成 0.14s
[564/1236] 45% column_warp p152: 完成 0.14s
[565/1236] 45% column_warp p153: 完成 0.13s
[566/1236] 45% column_warp p154: 完成 0.14s
[567/1236] 45% column_warp p155: 完成 0.14s
[568/1236] 45% column_warp p156: 完成 0.14s
[569/1236] 46% column_warp p157: 完成 0.13s
[570/1236] 46% column_warp p158: 完成 0.12s
[571/1236] 46% column_warp p159: 完成 0.13s
[572/1236] 46% column_warp p160: 完成 0.12s
[573/1236] 46% column_warp p161: 完成 0.12s
[574/1236] 46% column_warp p162: 完成 0.13s
[575/1236] 46% column_warp p163: 完成 0.12s
[576/1236] 46% column_warp p164: 完成 0.13s
[577/1236] 46% column_warp p165: 完成 0.13s
[578/1236] 46% column_warp p166: 完成 0.13s
[579/1236] 46% column_warp p167: 完成 0.13s
[580/1236] 46% column_warp p168: 完成 0.14s
[581/1236] 47% column_warp p169: 完成 0.13s
[582/1236] 47% column_warp p170: 完成 0.13s
[583/1236] 47% column_warp p171: 完成 0.12s
[584/1236] 47% column_warp p172: 完成 0.12s
[585/1236] 47% column_warp p173: 完成 0.13s
[586/1236] 47% column_warp p174: 完成 0.12s
[587/1236] 47% column_warp p175: 完成 0.13s
[588/1236] 47% column_warp p176: 完成 0.13s
[589/1236] 47% column_warp p177: 完成 0.13s
[590/1236] 47% column_warp p178: 完成 0.27s
[591/1236] 47% column_warp p179: 完成 0.38s
[592/1236] 47% column_warp p180: 完成 0.34s
[593/1236] 47% column_warp p181: 完成 0.40s
[594/1236] 48% column_warp p182: 完成 0.18s
[595/1236] 48% column_warp p183: 完成 0.12s
[596/1236] 48% column_warp p184: 完成 0.13s
[597/1236] 48% column_warp p185: 完成 0.13s
[598/1236] 48% column_warp p186: 完成 0.12s
[599/1236] 48% column_warp p187: 完成 0.12s
[600/1236] 48% column_warp p188: 完成 0.12s
[601/1236] 48% column_warp p189: 完成 0.12s
[602/1236] 48% column_warp p190: 完成 0.12s
[603/1236] 48% column_warp p191: 完成 0.12s
[604/1236] 48% column_warp p192: 完成 0.13s
[605/1236] 48% column_warp p193: 完成 0.13s
[606/1236] 49% column_warp p194: 完成 0.12s
[607/1236] 49% column_warp p195: 完成 0.11s
[608/1236] 49% column_warp p196: 完成 0.12s
[609/1236] 49% column_warp p197: 完成 0.12s
[610/1236] 49% column_warp p198: 完成 0.12s
[611/1236] 49% column_warp p199: 完成 0.12s
[612/1236] 49% column_warp p200: 完成 0.12s
[613/1236] 49% column_warp p201: 完成 0.12s
[614/1236] 49% column_warp p202: 完成 0.12s
[615/1236] 49% column_warp p203: 完成 0.12s
[616/1236] 49% column_warp p204: 完成 0.13s
[617/1236] 49% column_warp p205: 完成 0.12s
[618/1236] 50% column_warp p206: 完成 0.11s
== column_gate Step2→3 交接闸：206 页
[619/1236] 50% column_gate p1: 新鲜，跳过
[620/1236] 50% column_gate p2: 新鲜，跳过
[621/1236] 50% column_gate p3: 新鲜，跳过
[622/1236] 50% column_gate p4: 完成 0.09s
[623/1236] 50% column_gate p5: 完成 0.10s
[624/1236] 50% column_gate p6: 完成 0.09s
[625/1236] 50% column_gate p7: 完成 0.09s
[626/1236] 50% column_gate p8: 完成 0.09s
[627/1236] 50% column_gate p9: 完成 0.09s
[628/1236] 50% column_gate p10: 完成 0.09s
[629/1236] 50% column_gate p11: 完成 0.06s
[630/1236] 50% column_gate p12: 完成 0.09s
[631/1236] 51% column_gate p13: 完成 0.10s
[632/1236] 51% column_gate p14: 完成 0.09s
[633/1236] 51% column_gate p15: 完成 0.09s
[634/1236] 51% column_gate p16: 完成 0.09s
[635/1236] 51% column_gate p17: 完成 0.09s
[636/1236] 51% column_gate p18: 完成 0.10s
[637/1236] 51% column_gate p19: 完成 0.15s
[638/1236] 51% column_gate p20: 完成 0.10s
[639/1236] 51% column_gate p21: 完成 0.06s
[640/1236] 51% column_gate p22: 完成 0.10s
[641/1236] 51% column_gate p23: 完成 0.15s
[642/1236] 51% column_gate p24: 新鲜，跳过
[643/1236] 52% column_gate p25: 完成 0.09s
[644/1236] 52% column_gate p26: 完成 0.06s
[645/1236] 52% column_gate p27: 完成 0.11s
[646/1236] 52% column_gate p28: 完成 0.10s
[647/1236] 52% column_gate p29: 完成 0.09s
[648/1236] 52% column_gate p30: 完成 0.10s
[649/1236] 52% column_gate p31: 完成 0.10s
[650/1236] 52% column_gate p32: 完成 0.10s
[651/1236] 52% column_gate p33: 完成 0.06s
[652/1236] 52% column_gate p34: 完成 0.09s
[653/1236] 52% column_gate p35: 完成 0.10s
[654/1236] 52% column_gate p36: 完成 0.10s
[655/1236] 52% column_gate p37: 完成 0.10s
[656/1236] 53% column_gate p38: 完成 0.09s
[657/1236] 53% column_gate p39: 完成 0.10s
[658/1236] 53% column_gate p40: 完成 0.10s
[659/1236] 53% column_gate p41: 完成 0.10s
[660/1236] 53% column_gate p42: 完成 0.06s
[661/1236] 53% column_gate p43: 完成 0.09s
[662/1236] 53% column_gate p44: 完成 0.10s
[663/1236] 53% column_gate p45: 完成 0.10s
[664/1236] 53% column_gate p46: 完成 0.09s
[665/1236] 53% column_gate p47: 完成 0.06s
[666/1236] 53% column_gate p48: 完成 0.10s
[667/1236] 53% column_gate p49: 完成 0.10s
[668/1236] 54% column_gate p50: 完成 0.10s
[669/1236] 54% column_gate p51: 完成 0.09s
[670/1236] 54% column_gate p52: 完成 0.12s
[671/1236] 54% column_gate p53: 完成 0.10s
[672/1236] 54% column_gate p54: 完成 0.10s
[673/1236] 54% column_gate p55: 完成 0.11s
[674/1236] 54% column_gate p56: 完成 0.10s
[675/1236] 54% column_gate p57: 完成 0.09s
[676/1236] 54% column_gate p58: 完成 0.09s
[677/1236] 54% column_gate p59: 完成 0.11s
[678/1236] 54% column_gate p60: 完成 0.06s
[679/1236] 54% column_gate p61: 完成 0.09s
[680/1236] 55% column_gate p62: 完成 0.09s
[681/1236] 55% column_gate p63: 完成 0.09s
[682/1236] 55% column_gate p64: 完成 0.10s
[683/1236] 55% column_gate p65: 完成 0.10s
[684/1236] 55% column_gate p66: 完成 0.09s
[685/1236] 55% column_gate p67: 完成 0.10s
[686/1236] 55% column_gate p68: 完成 0.09s
[687/1236] 55% column_gate p69: 完成 0.09s
[688/1236] 55% column_gate p70: 完成 0.05s
[689/1236] 55% column_gate p71: 完成 0.09s
[690/1236] 55% column_gate p72: 完成 0.09s
[691/1236] 55% column_gate p73: 完成 0.10s
[692/1236] 55% column_gate p74: 完成 0.09s
[693/1236] 56% column_gate p75: 完成 0.09s
[694/1236] 56% column_gate p76: 完成 0.09s
[695/1236] 56% column_gate p77: 完成 0.10s
[696/1236] 56% column_gate p78: 完成 0.09s
[697/1236] 56% column_gate p79: 完成 0.09s
[698/1236] 56% column_gate p80: 完成 0.09s
[699/1236] 56% column_gate p81: 完成 0.09s
[700/1236] 56% column_gate p82: 完成 0.09s
[701/1236] 56% column_gate p83: 完成 0.09s
[702/1236] 56% column_gate p84: 完成 0.10s
[703/1236] 56% column_gate p85: 完成 0.09s
[704/1236] 56% column_gate p86: 完成 0.09s
[705/1236] 57% column_gate p87: 完成 0.09s
[706/1236] 57% column_gate p88: 完成 0.09s
[707/1236] 57% column_gate p89: 完成 0.09s
[708/1236] 57% column_gate p90: 完成 0.10s
[709/1236] 57% column_gate p91: 完成 0.08s
[710/1236] 57% column_gate p92: 完成 0.08s
[711/1236] 57% column_gate p93: 完成 0.08s
[712/1236] 57% column_gate p94: 完成 0.09s
[713/1236] 57% column_gate p95: 完成 0.08s
[714/1236] 57% column_gate p96: 完成 0.08s
[715/1236] 57% column_gate p97: 完成 0.08s
[716/1236] 57% column_gate p98: 完成 0.08s
[717/1236] 58% column_gate p99: 完成 0.08s
[718/1236] 58% column_gate p100: 完成 0.08s
[719/1236] 58% column_gate p101: 完成 0.08s
[720/1236] 58% column_gate p102: 完成 0.08s
[721/1236] 58% column_gate p103: 完成 0.08s
[722/1236] 58% column_gate p104: 完成 0.11s
[723/1236] 58% column_gate p105: 完成 0.11s
[724/1236] 58% column_gate p106: 完成 0.10s
[725/1236] 58% column_gate p107: 完成 0.10s
[726/1236] 58% column_gate p108: 完成 0.08s
[727/1236] 58% column_gate p109: 完成 0.08s
[728/1236] 58% column_gate p110: 完成 0.09s
[729/1236] 58% column_gate p111: 完成 0.08s
[730/1236] 59% column_gate p112: 完成 0.08s
[731/1236] 59% column_gate p113: 完成 0.08s
[732/1236] 59% column_gate p114: 完成 0.08s
[733/1236] 59% column_gate p115: 完成 0.08s
[734/1236] 59% column_gate p116: 完成 0.08s
[735/1236] 59% column_gate p117: 完成 0.08s
[736/1236] 59% column_gate p118: 完成 0.09s
[737/1236] 59% column_gate p119: 完成 0.09s
[738/1236] 59% column_gate p120: 完成 0.09s
[739/1236] 59% column_gate p121: 完成 0.11s
[740/1236] 59% column_gate p122: 完成 0.11s
[741/1236] 59% column_gate p123: 完成 0.11s
[742/1236] 60% column_gate p124: 完成 0.08s
[743/1236] 60% column_gate p125: 完成 0.08s
[744/1236] 60% column_gate p126: 完成 0.08s
[745/1236] 60% column_gate p127: 完成 0.08s
[746/1236] 60% column_gate p128: 完成 0.08s
[747/1236] 60% column_gate p129: 完成 0.08s
[748/1236] 60% column_gate p130: 完成 0.08s
[749/1236] 60% column_gate p131: 完成 0.08s
[750/1236] 60% column_gate p132: 完成 0.08s
[751/1236] 60% column_gate p133: 完成 0.08s
[752/1236] 60% column_gate p134: 完成 0.08s
[753/1236] 60% column_gate p135: 完成 0.08s
[754/1236] 61% column_gate p136: 完成 0.09s
[755/1236] 61% column_gate p137: 完成 0.06s
[756/1236] 61% column_gate p138: 完成 0.09s
[757/1236] 61% column_gate p139: 完成 0.08s
[758/1236] 61% column_gate p140: 完成 0.09s
[759/1236] 61% column_gate p141: 完成 0.06s
[760/1236] 61% column_gate p142: 完成 0.09s
[761/1236] 61% column_gate p143: 完成 0.11s
[762/1236] 61% column_gate p144: 完成 0.09s
[763/1236] 61% column_gate p145: 完成 0.09s
[764/1236] 61% column_gate p146: 完成 0.09s
[765/1236] 61% column_gate p147: 完成 0.09s
[766/1236] 61% column_gate p148: 完成 0.09s
[767/1236] 62% column_gate p149: 完成 0.11s
[768/1236] 62% column_gate p150: 完成 0.09s
[769/1236] 62% column_gate p151: 完成 0.06s
[770/1236] 62% column_gate p152: 完成 0.09s
[771/1236] 62% column_gate p153: 完成 0.09s
[772/1236] 62% column_gate p154: 完成 0.09s
[773/1236] 62% column_gate p155: 完成 0.09s
[774/1236] 62% column_gate p156: 完成 0.08s
[775/1236] 62% column_gate p157: 完成 0.09s
[776/1236] 62% column_gate p158: 完成 0.08s
[777/1236] 62% column_gate p159: 完成 0.09s
[778/1236] 62% column_gate p160: 完成 0.08s
[779/1236] 63% column_gate p161: 完成 0.08s
[780/1236] 63% column_gate p162: 完成 0.09s
[781/1236] 63% column_gate p163: 完成 0.08s
[782/1236] 63% column_gate p164: 完成 0.09s
[783/1236] 63% column_gate p165: 完成 0.09s
[784/1236] 63% column_gate p166: 完成 0.09s
[785/1236] 63% column_gate p167: 完成 0.09s
[786/1236] 63% column_gate p168: 完成 0.09s
[787/1236] 63% column_gate p169: 完成 0.08s
[788/1236] 63% column_gate p170: 完成 0.09s
[789/1236] 63% column_gate p171: 完成 0.08s
[790/1236] 63% column_gate p172: 完成 0.08s
[791/1236] 63% column_gate p173: 完成 0.09s
[792/1236] 64% column_gate p174: 完成 0.08s
[793/1236] 64% column_gate p175: 完成 0.08s
[794/1236] 64% column_gate p176: 完成 0.08s
[795/1236] 64% column_gate p177: 完成 0.09s
[796/1236] 64% column_gate p178: 完成 0.08s
[797/1236] 64% column_gate p179: 完成 0.09s
[798/1236] 64% column_gate p180: 完成 0.10s
[799/1236] 64% column_gate p181: 完成 0.09s
[800/1236] 64% column_gate p182: 完成 0.08s
[801/1236] 64% column_gate p183: 完成 0.09s
[802/1236] 64% column_gate p184: 完成 0.09s
[803/1236] 64% column_gate p185: 完成 0.09s
[804/1236] 65% column_gate p186: 完成 0.08s
[805/1236] 65% column_gate p187: 完成 0.08s
[806/1236] 65% column_gate p188: 完成 0.09s
[807/1236] 65% column_gate p189: 完成 0.09s
[808/1236] 65% column_gate p190: 完成 0.09s
[809/1236] 65% column_gate p191: 完成 0.09s
[810/1236] 65% column_gate p192: 完成 0.09s
[811/1236] 65% column_gate p193: 完成 0.08s
[812/1236] 65% column_gate p194: 完成 0.08s
[813/1236] 65% column_gate p195: 完成 0.08s
[814/1236] 65% column_gate p196: 完成 0.09s
[815/1236] 65% column_gate p197: 完成 0.08s
[816/1236] 66% column_gate p198: 完成 0.09s
[817/1236] 66% column_gate p199: 完成 0.08s
[818/1236] 66% column_gate p200: 完成 0.08s
[819/1236] 66% column_gate p201: 完成 0.08s
[820/1236] 66% column_gate p202: 完成 0.08s
[821/1236] 66% column_gate p203: 完成 0.09s
[822/1236] 66% column_gate p204: 完成 0.09s
[823/1236] 66% column_gate p205: 完成 0.09s
[824/1236] 66% column_gate p206: 完成 0.08s
== row_segment Step3 单列文字切分：206 页
[825/1236] 66% row_segment p1: 新鲜，跳过
[826/1236] 66% row_segment p2: 新鲜，跳过
[827/1236] 66% row_segment p3: 新鲜，跳过
[828/1236] 66% row_segment p4: 完成 2.54s
[829/1236] 67% row_segment p5: 完成 0.59s
[830/1236] 67% row_segment p6: 完成 0.82s
[831/1236] 67% row_segment p7: 完成 0.64s
[832/1236] 67% row_segment p8: 完成 0.62s
[833/1236] 67% row_segment p9: 完成 0.56s
[834/1236] 67% row_segment p10: 完成 0.76s
[835/1236] 67% row_segment p11: 完成 0.40s
[836/1236] 67% row_segment p12: 完成 0.54s
[837/1236] 67% row_segment p13: 完成 0.46s
[838/1236] 67% row_segment p14: 完成 0.56s
[839/1236] 67% row_segment p15: 完成 0.54s
[840/1236] 67% row_segment p16: 完成 0.46s
[841/1236] 68% row_segment p17: 完成 0.46s
[842/1236] 68% row_segment p18: 完成 0.47s
[843/1236] 68% row_segment p19: 完成 0.47s
[844/1236] 68% row_segment p20: 完成 0.61s
[845/1236] 68% row_segment p21: 完成 0.73s
[846/1236] 68% row_segment p22: 完成 0.50s
[847/1236] 68% row_segment p23: 完成 0.46s
[848/1236] 68% row_segment p24: 新鲜，跳过
[849/1236] 68% row_segment p25: 完成 0.67s
[850/1236] 68% row_segment p26: 完成 0.55s
[851/1236] 68% row_segment p27: 完成 0.75s
[852/1236] 68% row_segment p28: 完成 0.48s
[853/1236] 69% row_segment p29: 完成 0.49s
[854/1236] 69% row_segment p30: 完成 0.51s
[855/1236] 69% row_segment p31: 完成 0.47s
[856/1236] 69% row_segment p32: 完成 0.83s
[857/1236] 69% row_segment p33: 完成 0.73s
[858/1236] 69% row_segment p34: 完成 0.43s
[859/1236] 69% row_segment p35: 完成 0.45s
[860/1236] 69% row_segment p36: 完成 0.44s
[861/1236] 69% row_segment p37: 完成 0.43s
[862/1236] 69% row_segment p38: 完成 0.56s
[863/1236] 69% row_segment p39: 完成 0.40s
[864/1236] 69% row_segment p40: 完成 0.62s
[865/1236] 69% row_segment p41: 完成 0.50s
[866/1236] 70% row_segment p42: 完成 0.58s
[867/1236] 70% row_segment p43: 完成 0.75s
[868/1236] 70% row_segment p44: 完成 0.78s
[869/1236] 70% row_segment p45: 完成 0.81s
[870/1236] 70% row_segment p46: 完成 0.74s
[871/1236] 70% row_segment p47: 完成 1.28s
[872/1236] 70% row_segment p48: 完成 0.96s
[873/1236] 70% row_segment p49: 完成 0.91s
[874/1236] 70% row_segment p50: 完成 2.01s
[875/1236] 70% row_segment p51: 完成 1.09s
[876/1236] 70% row_segment p52: 完成 0.68s
[877/1236] 70% row_segment p53: 完成 0.60s
[878/1236] 71% row_segment p54: 完成 0.52s
[879/1236] 71% row_segment p55: 完成 0.61s
[880/1236] 71% row_segment p56: 完成 0.69s
[881/1236] 71% row_segment p57: 完成 0.46s
[882/1236] 71% row_segment p58: 完成 0.69s
[883/1236] 71% row_segment p59: 完成 0.61s
[884/1236] 71% row_segment p60: 完成 0.65s
[885/1236] 71% row_segment p61: 完成 2.79s
[886/1236] 71% row_segment p62: 完成 3.19s
[887/1236] 71% row_segment p63: 完成 1.35s
[888/1236] 71% row_segment p64: 完成 0.97s
[889/1236] 71% row_segment p65: 完成 0.92s
[890/1236] 72% row_segment p66: 完成 0.67s
[891/1236] 72% row_segment p67: 完成 1.16s
[892/1236] 72% row_segment p68: 完成 0.81s
[893/1236] 72% row_segment p69: 完成 0.70s
[894/1236] 72% row_segment p70: 完成 0.92s
[895/1236] 72% row_segment p71: 完成 0.53s
[896/1236] 72% row_segment p72: 完成 0.63s
[897/1236] 72% row_segment p73: 完成 0.68s
[898/1236] 72% row_segment p74: 完成 1.48s
[899/1236] 72% row_segment p75: 完成 0.56s
[900/1236] 72% row_segment p76: 完成 0.93s
[901/1236] 72% row_segment p77: 完成 0.76s
[902/1236] 72% row_segment p78: 完成 0.77s
[903/1236] 73% row_segment p79: 完成 1.43s
[904/1236] 73% row_segment p80: 完成 1.20s
[905/1236] 73% row_segment p81: 完成 1.14s
[906/1236] 73% row_segment p82: 完成 1.04s
[907/1236] 73% row_segment p83: 完成 0.89s
[908/1236] 73% row_segment p84: 完成 1.00s
[909/1236] 73% row_segment p85: 完成 0.72s
[910/1236] 73% row_segment p86: 完成 0.86s
[911/1236] 73% row_segment p87: 完成 1.18s
[912/1236] 73% row_segment p88: 完成 1.42s
[913/1236] 73% row_segment p89: 完成 1.36s
[914/1236] 73% row_segment p90: 完成 1.33s
[915/1236] 74% row_segment p91: 完成 0.62s
[916/1236] 74% row_segment p92: 完成 0.62s
[917/1236] 74% row_segment p93: 完成 1.12s
[918/1236] 74% row_segment p94: 完成 0.55s
[919/1236] 74% row_segment p95: 完成 0.96s
[920/1236] 74% row_segment p96: 完成 0.74s
[921/1236] 74% row_segment p97: 完成 0.53s
[922/1236] 74% row_segment p98: 完成 0.65s
[923/1236] 74% row_segment p99: 完成 0.58s
[924/1236] 74% row_segment p100: 完成 0.62s
[925/1236] 74% row_segment p101: 完成 0.56s
[926/1236] 74% row_segment p102: 完成 0.64s
[927/1236] 75% row_segment p103: 完成 0.54s
[928/1236] 75% row_segment p104: 完成 0.65s
[929/1236] 75% row_segment p105: 完成 0.67s
[930/1236] 75% row_segment p106: 完成 0.59s
[931/1236] 75% row_segment p107: 完成 1.74s
[932/1236] 75% row_segment p108: 完成 0.75s
[933/1236] 75% row_segment p109: 完成 0.67s
[934/1236] 75% row_segment p110: 完成 0.66s
[935/1236] 75% row_segment p111: 完成 0.60s
[936/1236] 75% row_segment p112: 完成 0.62s
[937/1236] 75% row_segment p113: 完成 0.63s
[938/1236] 75% row_segment p114: 完成 0.63s
[939/1236] 75% row_segment p115: 完成 0.58s
[940/1236] 76% row_segment p116: 完成 0.62s
[941/1236] 76% row_segment p117: 完成 0.57s
[942/1236] 76% row_segment p118: 完成 0.60s
[943/1236] 76% row_segment p119: 完成 0.69s
[944/1236] 76% row_segment p120: 完成 0.74s
[945/1236] 76% row_segment p121: 完成 0.60s
[946/1236] 76% row_segment p122: 完成 0.79s
[947/1236] 76% row_segment p123: 完成 0.75s
[948/1236] 76% row_segment p124: 完成 0.77s
[949/1236] 76% row_segment p125: 完成 0.75s
[950/1236] 76% row_segment p126: 完成 0.63s
[951/1236] 76% row_segment p127: 完成 0.68s
[952/1236] 77% row_segment p128: 完成 0.81s
[953/1236] 77% row_segment p129: 完成 0.87s
[954/1236] 77% row_segment p130: 完成 0.82s
[955/1236] 77% row_segment p131: 完成 0.85s
[956/1236] 77% row_segment p132: 完成 1.29s
[957/1236] 77% row_segment p133: 完成 0.90s
[958/1236] 77% row_segment p134: 完成 0.82s
[959/1236] 77% row_segment p135: 完成 0.93s
[960/1236] 77% row_segment p136: 完成 0.99s
[961/1236] 77% row_segment p137: 完成 0.76s
[962/1236] 77% row_segment p138: 完成 0.78s
[963/1236] 77% row_segment p139: 完成 0.87s
[964/1236] 77% row_segment p140: 完成 0.72s
[965/1236] 78% row_segment p141: 完成 0.95s
[966/1236] 78% row_segment p142: 完成 0.66s
[967/1236] 78% row_segment p143: 完成 0.53s
[968/1236] 78% row_segment p144: 完成 0.56s
[969/1236] 78% row_segment p145: 完成 0.83s
[970/1236] 78% row_segment p146: 完成 0.61s
[971/1236] 78% row_segment p147: 完成 0.49s
[972/1236] 78% row_segment p148: 完成 0.85s
[973/1236] 78% row_segment p149: 完成 0.90s
[974/1236] 78% row_segment p150: 完成 0.60s
[975/1236] 78% row_segment p151: 完成 0.84s
[976/1236] 78% row_segment p152: 完成 0.79s
[977/1236] 79% row_segment p153: 完成 0.79s
[978/1236] 79% row_segment p154: 完成 0.91s
[979/1236] 79% row_segment p155: 完成 0.53s
[980/1236] 79% row_segment p156: 完成 0.89s
[981/1236] 79% row_segment p157: 完成 2.22s
[982/1236] 79% row_segment p158: 完成 3.31s
[983/1236] 79% row_segment p159: 完成 2.02s
[984/1236] 79% row_segment p160: 完成 1.46s
[985/1236] 79% row_segment p161: 完成 1.38s
[986/1236] 79% row_segment p162: 完成 1.28s
[987/1236] 79% row_segment p163: 完成 1.13s
[988/1236] 79% row_segment p164: 完成 1.00s
[989/1236] 80% row_segment p165: 完成 2.07s
[990/1236] 80% row_segment p166: 完成 1.21s
[991/1236] 80% row_segment p167: 完成 1.61s
[992/1236] 80% row_segment p168: 完成 1.28s
[993/1236] 80% row_segment p169: 完成 1.49s
[994/1236] 80% row_segment p170: 完成 1.87s
[995/1236] 80% row_segment p171: 完成 1.23s
[996/1236] 80% row_segment p172: 完成 1.03s
[997/1236] 80% row_segment p173: 完成 1.31s
[998/1236] 80% row_segment p174: 完成 1.51s
[999/1236] 80% row_segment p175: 完成 0.91s
[1000/1236] 80% row_segment p176: 完成 0.94s
[1001/1236] 80% row_segment p177: 完成 1.33s
[1002/1236] 81% row_segment p178: 完成 1.15s
[1003/1236] 81% row_segment p179: 完成 1.49s
[1004/1236] 81% row_segment p180: 完成 1.47s
[1005/1236] 81% row_segment p181: 完成 1.42s
[1006/1236] 81% row_segment p182: 完成 1.49s
[1007/1236] 81% row_segment p183: 完成 1.41s
[1008/1236] 81% row_segment p184: 完成 0.80s
[1009/1236] 81% row_segment p185: 完成 0.75s
[1010/1236] 81% row_segment p186: 完成 0.86s
[1011/1236] 81% row_segment p187: 完成 0.77s
[1012/1236] 81% row_segment p188: 完成 0.83s
[1013/1236] 81% row_segment p189: 完成 0.69s
[1014/1236] 82% row_segment p190: 完成 1.15s
[1015/1236] 82% row_segment p191: 完成 0.86s
[1016/1236] 82% row_segment p192: 完成 1.09s
[1017/1236] 82% row_segment p193: 完成 1.41s
[1018/1236] 82% row_segment p194: 完成 1.19s
[1019/1236] 82% row_segment p195: 完成 1.27s
[1020/1236] 82% row_segment p196: 完成 0.87s
[1021/1236] 82% row_segment p197: 完成 1.11s
[1022/1236] 82% row_segment p198: 完成 3.03s
[1023/1236] 82% row_segment p199: 完成 0.93s
[1024/1236] 82% row_segment p200: 完成 1.00s
[1025/1236] 82% row_segment p201: 完成 0.98s
[1026/1236] 83% row_segment p202: 完成 1.10s
[1027/1236] 83% row_segment p203: 完成 1.10s
[1028/1236] 83% row_segment p204: 完成 1.37s
[1029/1236] 83% row_segment p205: 完成 2.59s
[1030/1236] 83% row_segment p206: 完成 3.03s
== row_segment_gate Step3→4 交接闸：206 页
[1031/1236] 83% row_segment_gate p1: 新鲜，跳过
[1032/1236] 83% row_segment_gate p2: 新鲜，跳过
[1033/1236] 83% row_segment_gate p3: 新鲜，跳过
[1034/1236] 83% row_segment_gate p4: 完成 0.04s
[1035/1236] 83% row_segment_gate p5: 完成 0.04s
[1036/1236] 83% row_segment_gate p6: 完成 0.04s
[1037/1236] 83% row_segment_gate p7: 完成 0.04s
[1038/1236] 83% row_segment_gate p8: 完成 0.04s
[1039/1236] 84% row_segment_gate p9: 完成 0.04s
[1040/1236] 84% row_segment_gate p10: 完成 0.04s
[1041/1236] 84% row_segment_gate p11: 完成 0.03s
[1042/1236] 84% row_segment_gate p12: 完成 0.04s
[1043/1236] 84% row_segment_gate p13: 完成 0.04s
[1044/1236] 84% row_segment_gate p14: 完成 0.04s
[1045/1236] 84% row_segment_gate p15: 完成 0.04s
[1046/1236] 84% row_segment_gate p16: 完成 0.04s
[1047/1236] 84% row_segment_gate p17: 完成 0.04s
[1048/1236] 84% row_segment_gate p18: 完成 0.03s
[1049/1236] 84% row_segment_gate p19: 完成 0.04s
[1050/1236] 84% row_segment_gate p20: 完成 0.04s
[1051/1236] 85% row_segment_gate p21: 完成 0.03s
[1052/1236] 85% row_segment_gate p22: 完成 0.04s
[1053/1236] 85% row_segment_gate p23: 完成 0.04s
[1054/1236] 85% row_segment_gate p24: 新鲜，跳过
[1055/1236] 85% row_segment_gate p25: 完成 0.03s
[1056/1236] 85% row_segment_gate p26: 完成 0.03s
[1057/1236] 85% row_segment_gate p27: 完成 0.04s
[1058/1236] 85% row_segment_gate p28: 完成 0.04s
[1059/1236] 85% row_segment_gate p29: 完成 0.04s
[1060/1236] 85% row_segment_gate p30: 完成 0.04s
[1061/1236] 85% row_segment_gate p31: 完成 0.04s
[1062/1236] 85% row_segment_gate p32: 完成 0.04s
[1063/1236] 86% row_segment_gate p33: 完成 0.03s
[1064/1236] 86% row_segment_gate p34: 完成 0.03s
[1065/1236] 86% row_segment_gate p35: 完成 0.04s
[1066/1236] 86% row_segment_gate p36: 完成 0.04s
[1067/1236] 86% row_segment_gate p37: 完成 0.04s
[1068/1236] 86% row_segment_gate p38: 完成 0.04s
[1069/1236] 86% row_segment_gate p39: 完成 0.04s
[1070/1236] 86% row_segment_gate p40: 完成 0.04s
[1071/1236] 86% row_segment_gate p41: 完成 0.04s
[1072/1236] 86% row_segment_gate p42: 完成 0.03s
[1073/1236] 86% row_segment_gate p43: 完成 0.04s
[1074/1236] 86% row_segment_gate p44: 完成 0.04s
[1075/1236] 86% row_segment_gate p45: 完成 0.04s
[1076/1236] 87% row_segment_gate p46: 完成 0.04s
[1077/1236] 87% row_segment_gate p47: 完成 0.03s
[1078/1236] 87% row_segment_gate p48: 完成 0.04s
[1079/1236] 87% row_segment_gate p49: 完成 0.05s
[1080/1236] 87% row_segment_gate p50: 完成 0.04s
[1081/1236] 87% row_segment_gate p51: 完成 0.04s
[1082/1236] 87% row_segment_gate p52: 完成 0.04s
[1083/1236] 87% row_segment_gate p53: 完成 0.04s
[1084/1236] 87% row_segment_gate p54: 完成 0.04s
[1085/1236] 87% row_segment_gate p55: 完成 0.04s
[1086/1236] 87% row_segment_gate p56: 完成 0.03s
[1087/1236] 87% row_segment_gate p57: 完成 0.03s
[1088/1236] 88% row_segment_gate p58: 完成 0.03s
[1089/1236] 88% row_segment_gate p59: 完成 0.04s
[1090/1236] 88% row_segment_gate p60: 完成 0.03s
[1091/1236] 88% row_segment_gate p61: 完成 0.04s
[1092/1236] 88% row_segment_gate p62: 完成 0.04s
[1093/1236] 88% row_segment_gate p63: 完成 0.04s
[1094/1236] 88% row_segment_gate p64: 完成 0.05s
[1095/1236] 88% row_segment_gate p65: 完成 0.04s
[1096/1236] 88% row_segment_gate p66: 完成 0.04s
[1097/1236] 88% row_segment_gate p67: 完成 0.04s
[1098/1236] 88% row_segment_gate p68: 完成 0.04s
[1099/1236] 88% row_segment_gate p69: 完成 0.04s
[1100/1236] 88% row_segment_gate p70: 完成 0.04s
[1101/1236] 89% row_segment_gate p71: 完成 0.05s
[1102/1236] 89% row_segment_gate p72: 完成 0.04s
[1103/1236] 89% row_segment_gate p73: 完成 0.04s
[1104/1236] 89% row_segment_gate p74: 完成 0.04s
[1105/1236] 89% row_segment_gate p75: 完成 0.04s
[1106/1236] 89% row_segment_gate p76: 完成 0.04s
[1107/1236] 89% row_segment_gate p77: 完成 0.05s
[1108/1236] 89% row_segment_gate p78: 完成 0.05s
[1109/1236] 89% row_segment_gate p79: 完成 0.04s
[1110/1236] 89% row_segment_gate p80: 完成 0.04s
[1111/1236] 89% row_segment_gate p81: 完成 0.04s
[1112/1236] 89% row_segment_gate p82: 完成 0.04s
[1113/1236] 90% row_segment_gate p83: 完成 0.04s
[1114/1236] 90% row_segment_gate p84: 完成 0.05s
[1115/1236] 90% row_segment_gate p85: 完成 0.04s
[1116/1236] 90% row_segment_gate p86: 完成 0.04s
[1117/1236] 90% row_segment_gate p87: 完成 0.05s
[1118/1236] 90% row_segment_gate p88: 完成 0.04s
[1119/1236] 90% row_segment_gate p89: 完成 0.04s
[1120/1236] 90% row_segment_gate p90: 完成 0.04s
[1121/1236] 90% row_segment_gate p91: 完成 0.01s
[1122/1236] 90% row_segment_gate p92: 完成 0.01s
[1123/1236] 90% row_segment_gate p93: 完成 0.04s
[1124/1236] 90% row_segment_gate p94: 完成 0.01s
[1125/1236] 91% row_segment_gate p95: 完成 0.04s
[1126/1236] 91% row_segment_gate p96: 完成 0.01s
[1127/1236] 91% row_segment_gate p97: 完成 0.01s
[1128/1236] 91% row_segment_gate p98: 完成 0.01s
[1129/1236] 91% row_segment_gate p99: 完成 0.00s
[1130/1236] 91% row_segment_gate p100: 完成 0.01s
[1131/1236] 91% row_segment_gate p101: 完成 0.01s
[1132/1236] 91% row_segment_gate p102: 完成 0.01s
[1133/1236] 91% row_segment_gate p103: 完成 0.01s
[1134/1236] 91% row_segment_gate p104: 完成 0.01s
[1135/1236] 91% row_segment_gate p105: 完成 0.01s
[1136/1236] 91% row_segment_gate p106: 完成 0.01s
[1137/1236] 91% row_segment_gate p107: 完成 0.04s
[1138/1236] 92% row_segment_gate p108: 完成 0.01s
[1139/1236] 92% row_segment_gate p109: 完成 0.01s
[1140/1236] 92% row_segment_gate p110: 完成 0.01s
[1141/1236] 92% row_segment_gate p111: 完成 0.01s
[1142/1236] 92% row_segment_gate p112: 完成 0.01s
[1143/1236] 92% row_segment_gate p113: 完成 0.01s
[1144/1236] 92% row_segment_gate p114: 完成 0.01s
[1145/1236] 92% row_segment_gate p115: 完成 0.00s
[1146/1236] 92% row_segment_gate p116: 完成 0.01s
[1147/1236] 92% row_segment_gate p117: 完成 0.00s
[1148/1236] 92% row_segment_gate p118: 完成 0.01s
[1149/1236] 92% row_segment_gate p119: 完成 0.00s
[1150/1236] 93% row_segment_gate p120: 完成 0.01s
[1151/1236] 93% row_segment_gate p121: 完成 0.00s
[1152/1236] 93% row_segment_gate p122: 完成 0.01s
[1153/1236] 93% row_segment_gate p123: 完成 0.01s
[1154/1236] 93% row_segment_gate p124: 完成 0.01s
[1155/1236] 93% row_segment_gate p125: 完成 0.01s
[1156/1236] 93% row_segment_gate p126: 完成 0.01s
[1157/1236] 93% row_segment_gate p127: 完成 0.01s
[1158/1236] 93% row_segment_gate p128: 完成 0.00s
[1159/1236] 93% row_segment_gate p129: 完成 0.01s
[1160/1236] 93% row_segment_gate p130: 完成 0.00s
[1161/1236] 93% row_segment_gate p131: 完成 0.01s
[1162/1236] 94% row_segment_gate p132: 完成 0.01s
[1163/1236] 94% row_segment_gate p133: 完成 0.03s
[1164/1236] 94% row_segment_gate p134: 完成 0.04s
[1165/1236] 94% row_segment_gate p135: 完成 0.04s
[1166/1236] 94% row_segment_gate p136: 完成 0.04s
[1167/1236] 94% row_segment_gate p137: 完成 0.03s
[1168/1236] 94% row_segment_gate p138: 完成 0.04s
[1169/1236] 94% row_segment_gate p139: 完成 0.04s
[1170/1236] 94% row_segment_gate p140: 完成 0.04s
[1171/1236] 94% row_segment_gate p141: 完成 0.08s
[1172/1236] 94% row_segment_gate p142: 完成 0.04s
[1173/1236] 94% row_segment_gate p143: 完成 0.04s
[1174/1236] 94% row_segment_gate p144: 完成 0.04s
[1175/1236] 95% row_segment_gate p145: 完成 0.04s
[1176/1236] 95% row_segment_gate p146: 完成 0.04s
[1177/1236] 95% row_segment_gate p147: 完成 0.04s
[1178/1236] 95% row_segment_gate p148: 完成 0.04s
[1179/1236] 95% row_segment_gate p149: 完成 0.04s
[1180/1236] 95% row_segment_gate p150: 完成 0.04s
[1181/1236] 95% row_segment_gate p151: 完成 0.04s
[1182/1236] 95% row_segment_gate p152: 完成 0.05s
[1183/1236] 95% row_segment_gate p153: 完成 0.06s
[1184/1236] 95% row_segment_gate p154: 完成 0.05s
[1185/1236] 95% row_segment_gate p155: 完成 0.04s
[1186/1236] 95% row_segment_gate p156: 完成 0.04s
[1187/1236] 96% row_segment_gate p157: 完成 0.04s
[1188/1236] 96% row_segment_gate p158: 完成 0.04s
[1189/1236] 96% row_segment_gate p159: 完成 0.02s
[1190/1236] 96% row_segment_gate p160: 完成 0.03s
[1191/1236] 96% row_segment_gate p161: 完成 0.04s
[1192/1236] 96% row_segment_gate p162: 完成 0.04s
[1193/1236] 96% row_segment_gate p163: 完成 0.04s
[1194/1236] 96% row_segment_gate p164: 完成 0.04s
[1195/1236] 96% row_segment_gate p165: 完成 0.03s
[1196/1236] 96% row_segment_gate p166: 完成 0.04s
[1197/1236] 96% row_segment_gate p167: 完成 0.04s
[1198/1236] 96% row_segment_gate p168: 完成 0.04s
[1199/1236] 97% row_segment_gate p169: 完成 0.04s
[1200/1236] 97% row_segment_gate p170: 完成 0.04s
[1201/1236] 97% row_segment_gate p171: 完成 0.04s
[1202/1236] 97% row_segment_gate p172: 完成 0.04s
[1203/1236] 97% row_segment_gate p173: 完成 0.04s
[1204/1236] 97% row_segment_gate p174: 完成 0.04s
[1205/1236] 97% row_segment_gate p175: 完成 0.04s
[1206/1236] 97% row_segment_gate p176: 完成 0.04s
[1207/1236] 97% row_segment_gate p177: 完成 0.04s
[1208/1236] 97% row_segment_gate p178: 完成 0.04s
[1209/1236] 97% row_segment_gate p179: 完成 0.04s
[1210/1236] 97% row_segment_gate p180: 完成 0.04s
[1211/1236] 97% row_segment_gate p181: 完成 0.04s
[1212/1236] 98% row_segment_gate p182: 完成 0.04s
[1213/1236] 98% row_segment_gate p183: 完成 0.04s
[1214/1236] 98% row_segment_gate p184: 完成 0.04s
[1215/1236] 98% row_segment_gate p185: 完成 0.04s
[1216/1236] 98% row_segment_gate p186: 完成 0.04s
[1217/1236] 98% row_segment_gate p187: 完成 0.03s
[1218/1236] 98% row_segment_gate p188: 完成 0.04s
[1219/1236] 98% row_segment_gate p189: 完成 0.03s
[1220/1236] 98% row_segment_gate p190: 完成 0.04s
[1221/1236] 98% row_segment_gate p191: 完成 0.04s
[1222/1236] 98% row_segment_gate p192: 完成 0.04s
[1223/1236] 98% row_segment_gate p193: 完成 0.04s
[1224/1236] 99% row_segment_gate p194: 完成 0.04s
[1225/1236] 99% row_segment_gate p195: 完成 0.01s
[1226/1236] 99% row_segment_gate p196: 完成 0.01s
[1227/1236] 99% row_segment_gate p197: 完成 0.04s
[1228/1236] 99% row_segment_gate p198: 完成 0.05s
[1229/1236] 99% row_segment_gate p199: 完成 0.04s
[1230/1236] 99% row_segment_gate p200: 完成 0.01s
[1231/1236] 99% row_segment_gate p201: 完成 0.04s
[1232/1236] 99% row_segment_gate p202: 完成 0.04s
[1233/1236] 99% row_segment_gate p203: 完成 0.04s
[1234/1236] 99% row_segment_gate p204: 完成 0.04s
[1235/1236] 99% row_segment_gate p205: 完成 0.02s
[1236/1236] 100% row_segment_gate p206: 完成 0.04s
完成：border_detect ok 203 / 跳过 3 / 失败 0；border_detect_gate ok 202 / 跳过 4 / 失败 0；column_warp ok 202 / 跳过 4 / 失败 0；column_gate ok 202 / 跳过 4 / 失败 0；row_segment ok 202 / 跳过 4 / 失败 0；row_segment_gate ok 202 / 跳过 4 / 失败 0
{"book": "vol01", "pipeline": "keben_body_v2", "steps": ["border_detect", "column_warp", "row_segment"], "pages": [1, 2, 3, 4, 5, 6, 7, 8, 9, 10, 11, 12, 13, 14, 15, 16, 17, 18, 19, 20, 21, 22, 23, 24, 25, 26, 27, 28, 29, 30, 31, 32, 33, 34, 35, 36, 37, 38, 39, 40, 41, 42, 43, 44, 45, 46, 47, 48, 49, 50, 51, 52, 53, 54, 55, 56, 57, 58, 59, 60, 61, 62, 63, 64, 65, 66, 67, 68, 69, 70, 71, 72, 73, 74, 75, 76, 77, 78, 79, 80, 81, 82, 83, 84, 85, 86, 87, 88, 89, 90, 91, 92, 93, 94, 95, 96, 97, 98, 99, 100, 101, 102, 103, 104, 105, 106, 107, 108, 109, 110, 111, 112, 113, 114, 115, 116, 117, 118, 119, 120, 121, 122, 123, 124, 125, 126, 127, 128, 129, 130, 131, 132, 133, 134, 135, 136, 137, 138, 139, 140, 141, 142, 143, 144, 145, 146, 147, 148, 149, 150, 151, 152, 153, 154, 155, 156, 157, 158, 159, 160, 161, 162, 163, 164, 165, 166, 167, 168, 169, 170, 171, 172, 173, 174, 175, 176, 177, 178, 179, 180, 181, 182, 183, 184, 185, 186, 187, 188, 189, 190, 191, 192, 193, 194, 195, 196, 197, 198, 199, 200, 201, 202, 203, 204, 205, 206], "counts": {"border_detect": {"ok": 203, "skipped": 3, "failed": 0}, "border_detect_gate": {"ok": 202, "skipped": 4, "failed": 0}, "column_warp": {"ok": 202, "skipped": 4, "failed": 0}, "column_gate": {"ok": 202, "skipped": 4, "failed": 0}, "row_segment": {"ok": 202, "skipped": 4, "failed": 0}, "row_segment_gate": {"ok": 202, "skipped": 4, "failed": 0}}, "started_at": 1789581774.6396563, "finished_at": 1789582218.2912247, "failed": []}
